// Jest Snapshot v1, https://goo.gl/fbAQLP

exports[`Textfield test 1 1`] = `
<div
  className="MuiFormControl-root MuiTextField-root makeStyles-textfieldControl-1"
  style={
    Object {
      "width": "10%",
    }
  }
>
  <label
    className="MuiFormLabel-root MuiInputLabel-root MuiInputLabel-formControl MuiInputLabel-animated"
    data-shrink={false}
    htmlFor="Test1"
    id="Test1-label"
  >
    Test text field
  </label>
  <div
    className="MuiInputBase-root MuiInput-root MuiInput-underline MuiInputBase-formControl MuiInput-formControl"
    onClick={[Function]}
  >
    <input
      aria-invalid={false}
      autoFocus={false}
      className="MuiInputBase-input MuiInput-input"
      disabled={false}
      id="Test1"
      onAnimationStart={[Function]}
      onBlur={[Function]}
      onChange={[Function]}
      onFocus={[Function]}
      required={false}
      type="number"
    />
  </div>
</div>
`;
